This trace is handcrafted on how the 6502 Rev.A is expected to behave.
I'd like to replace this with a trace done using a real Rev.A
TRACE_START 6502RA
1f180000
1f180000
1f180100
1f0000ff
1f0000ff
1f0000ff
1f0000ff
1f0000ff
3f0000ff
3f0000ff
3f0000ff
3f0000ff
3f180100
3f0001ff
3fa201fe
3f1efffc
3f00fffd
3fa2001e
3f00001f
3f180020
3f5c0021
3f5c0021
3f150022
3f000023
3fe80015
3f380024
3f900025
3f900025
3f0d0026
3f8a0027
3f1a0028
3f1a0028
3fd00029
3fd00029
3f05002a
3f6a002b
3fb0002c
3fb0002c
3f05002d
3f90002e
3fe80033
3fe80034
3fe80034
3fe80035
3fe80035
3fe80036
3fe80036
3fe80037
3fe80037
3f860038
3f860038
3fff0039
3e0500ff
TRACE_END
